C51 COMPILER V9.56.0.0   ASSN3                                                             09/25/2017 21:03:47 PAGE 1   


C51 COMPILER V9.56.0.0, COMPILATION OF MODULE ASSN3
OBJECT MODULE PLACED IN .\Objects\assn3.obj
COMPILER INVOKED BY: C:\Keil_v5\C51\BIN\C51.EXE assn3.c OPTIMIZE(8,SPEED) BROWSE DEBUG OBJECTEXTEND PRINT(.\Listings\ass
                    -n3.lst) TABS(2) OBJECT(.\Objects\assn3.obj)

line level    source

   1          // Austin Brummett
   2          // Assignment 3
   3          // September 27, 2017
   4          //
   5          // This program turns on all 4 leds seeminlgy at the same time, but
   6          // they are blinking at 50 times a second,meaning they are blinking
   7          // on and off every 5 msec
   8          //
   9          #include <at89c51cc03.h> // CC03 library file
  10          
  11          
  12          // Function:BlinkRate
  13          // Takes:   unsigned char that is a loop variable
  14          // Purpose: creates a software delay of x msec based on
  15          //          input
  16          // Returns: nothing
  17          void BlinkRate(unsigned char x); 
  18          //
  19          void main(void) //This is the start of the main program
  20           {//Declare all variables here
  21   1       
  22   1        while(1)      // endless loop
  23   1        {
  24   2          if(P3_4 == 0)   // if switch is pushed
  25   2          {
  26   3            P1_0 = ~P1_0;   // set on = 0
  27   3            BlinkRate(20);  // blink
  28   3            P1_0 = 1;       // set off = 1
  29   3            BlinkRate(20); // blink
  30   3      
  31   3            P1_1 = ~P1_1;   // set on = 0
  32   3            BlinkRate(20);  // blink
  33   3            P1_1 = 1;       // set off = 1
  34   3            BlinkRate(20);  // blink
  35   3          
  36   3            P1_2 = ~P1_2;   // set on = 0
  37   3            BlinkRate(20);  // blink
  38   3            P1_2 = 1;       // set off = 1
  39   3            BlinkRate(20);  //blink
  40   3      
  41   3            P1_3 = ~P1_3;   // set on = 0
  42   3            BlinkRate(20);  // blink
  43   3            P1_3 = 1;       // set off = 1
  44   3            BlinkRate(20);  // blink
  45   3            
  46   3          }   
  47   2        }
  48   1       }
  49          //
  50          void BlinkRate(unsigned char x)
  51          {
  52   1        unsigned char lp,lp2; // create loop variables
  53   1        for(lp = 0; lp < x; lp++) // increment up the first loop
  54   1          for(lp2 = x; lp2 > 0; lp2--); // decrement the second loop
C51 COMPILER V9.56.0.0   ASSN3                                                             09/25/2017 21:03:47 PAGE 2   

  55   1      }


MODULE INFORMATION:   STATIC OVERLAYABLE
   CODE SIZE        =     83    ----
   CONSTANT SIZE    =   ----    ----
   XDATA SIZE       =   ----    ----
   PDATA SIZE       =   ----    ----
   DATA SIZE        =   ----    ----
   IDATA SIZE       =   ----    ----
   BIT SIZE         =   ----    ----
END OF MODULE INFORMATION.


C51 COMPILATION COMPLETE.  0 WARNING(S),  0 ERROR(S)
